galpyWarning: libgalpy C extension module not loaded, because libgalpy.cpython-311-x86_64-linux-gnu.so image was not found
lal.MSUN_SI != Msun
Loaded NRSur7dq4Remnant fit.
/home/kenzhayd/projects/def-vhenault/kenzhayd/cbhbd_env/lib/python3.11/site-packages/sklearn/base.py:463: InconsistentVersionWarning: Trying to unpickle estimator GaussianProcessRegressor from version 0.24.1 when using version 1.8.0. This might lead to breaking code or invalid results. Use at your own risk. For more info please refer to:
https://scikit-learn.org/stable/model_persistence.html#security-maintainability-limitations
  warnings.warn(

/home/kenzhayd/projects/def-vhenault/kenzhayd/cBHBd_IMBH/cbhbd/mergers.py:485: IntegrationWarning: The occurrence of roundoff error is detected, which prevents 
  the requested tolerance from being achieved.  The error may be 
  underestimated.
  t_radial, _ = quad(integrand, 0, r_apo, limit=1000000)

/home/kenzhayd/projects/def-vhenault/kenzhayd/cBHBd_IMBH/cbhbd/mergers.py:485: IntegrationWarning: The algorithm does not converge.  Roundoff error is detected
  in the extrapolation table.  It is assumed that the requested tolerance
  cannot be achieved, and that the returned result (if full_output = 1) is 
  the best which can be obtained.
  t_radial, _ = quad(integrand, 0, r_apo, limit=1000000)

/home/kenzhayd/projects/def-vhenault/kenzhayd/cBHBd_IMBH/cbhbd/mergers.py:485: IntegrationWarning: The occurrence of roundoff error is detected, which prevents 
  the requested tolerance from being achieved.  The error may be 
  underestimated.
  t_radial, _ = quad(integrand, 0, r_apo, limit=1000000)

/home/kenzhayd/projects/def-vhenault/kenzhayd/cBHBd_IMBH/cbhbd/mergers.py:485: IntegrationWarning: The algorithm does not converge.  Roundoff error is detected
  in the extrapolation table.  It is assumed that the requested tolerance
  cannot be achieved, and that the returned result (if full_output = 1) is 
  the best which can be obtained.
  t_radial, _ = quad(integrand, 0, r_apo, limit=1000000)

/home/kenzhayd/projects/def-vhenault/kenzhayd/cBHBd_IMBH/cbhbd/mergers.py:485: IntegrationWarning: The algorithm does not converge.  Roundoff error is detected
  in the extrapolation table.  It is assumed that the requested tolerance
  cannot be achieved, and that the returned result (if full_output = 1) is 
  the best which can be obtained.
  t_radial, _ = quad(integrand, 0, r_apo, limit=1000000)

/home/kenzhayd/projects/def-vhenault/kenzhayd/cBHBd_IMBH/cbhbd/mergers.py:485: IntegrationWarning: The algorithm does not converge.  Roundoff error is detected
  in the extrapolation table.  It is assumed that the requested tolerance
  cannot be achieved, and that the returned result (if full_output = 1) is 
  the best which can be obtained.
  t_radial, _ = quad(integrand, 0, r_apo, limit=1000000)

/home/kenzhayd/projects/def-vhenault/kenzhayd/cBHBd_IMBH/cbhbd/mergers.py:485: IntegrationWarning: The algorithm does not converge.  Roundoff error is detected
  in the extrapolation table.  It is assumed that the requested tolerance
  cannot be achieved, and that the returned result (if full_output = 1) is 
  the best which can be obtained.
  t_radial, _ = quad(integrand, 0, r_apo, limit=1000000)

/home/kenzhayd/projects/def-vhenault/kenzhayd/cBHBd_IMBH/cbhbd/mergers.py:485: IntegrationWarning: The algorithm does not converge.  Roundoff error is detected
  in the extrapolation table.  It is assumed that the requested tolerance
  cannot be achieved, and that the returned result (if full_output = 1) is 
  the best which can be obtained.
  t_radial, _ = quad(integrand, 0, r_apo, limit=1000000)

/home/kenzhayd/projects/def-vhenault/kenzhayd/cBHBd_IMBH/cbhbd/mergers.py:485: IntegrationWarning: The algorithm does not converge.  Roundoff error is detected
  in the extrapolation table.  It is assumed that the requested tolerance
  cannot be achieved, and that the returned result (if full_output = 1) is 
  the best which can be obtained.
  t_radial, _ = quad(integrand, 0, r_apo, limit=1000000)

/home/kenzhayd/projects/def-vhenault/kenzhayd/cBHBd_IMBH/cbhbd/mergers.py:485: IntegrationWarning: The algorithm does not converge.  Roundoff error is detected
  in the extrapolation table.  It is assumed that the requested tolerance
  cannot be achieved, and that the returned result (if full_output = 1) is 
  the best which can be obtained.
  t_radial, _ = quad(integrand, 0, r_apo, limit=1000000)

/home/kenzhayd/projects/def-vhenault/kenzhayd/cBHBd_IMBH/cbhbd/mergers.py:485: IntegrationWarning: The algorithm does not converge.  Roundoff error is detected
  in the extrapolation table.  It is assumed that the requested tolerance
  cannot be achieved, and that the returned result (if full_output = 1) is 
  the best which can be obtained.
  t_radial, _ = quad(integrand, 0, r_apo, limit=1000000)

/home/kenzhayd/projects/def-vhenault/kenzhayd/cBHBd_IMBH/cbhbd/mergers.py:485: IntegrationWarning: The algorithm does not converge.  Roundoff error is detected
  in the extrapolation table.  It is assumed that the requested tolerance
  cannot be achieved, and that the returned result (if full_output = 1) is 
  the best which can be obtained.
  t_radial, _ = quad(integrand, 0, r_apo, limit=1000000)

/home/kenzhayd/projects/def-vhenault/kenzhayd/cBHBd_IMBH/cbhbd/mergers.py:485: IntegrationWarning: The algorithm does not converge.  Roundoff error is detected
  in the extrapolation table.  It is assumed that the requested tolerance
  cannot be achieved, and that the returned result (if full_output = 1) is 
  the best which can be obtained.
  t_radial, _ = quad(integrand, 0, r_apo, limit=1000000)

/home/kenzhayd/projects/def-vhenault/kenzhayd/cBHBd_IMBH/cbhbd/mergers.py:485: IntegrationWarning: The algorithm does not converge.  Roundoff error is detected
  in the extrapolation table.  It is assumed that the requested tolerance
  cannot be achieved, and that the returned result (if full_output = 1) is 
  the best which can be obtained.
  t_radial, _ = quad(integrand, 0, r_apo, limit=1000000)

/home/kenzhayd/projects/def-vhenault/kenzhayd/cBHBd_IMBH/cbhbd/mergers.py:485: IntegrationWarning: The algorithm does not converge.  Roundoff error is detected
  in the extrapolation table.  It is assumed that the requested tolerance
  cannot be achieved, and that the returned result (if full_output = 1) is 
  the best which can be obtained.
  t_radial, _ = quad(integrand, 0, r_apo, limit=1000000)

/home/kenzhayd/projects/def-vhenault/kenzhayd/cBHBd_IMBH/cbhbd/mergers.py:485: IntegrationWarning: The algorithm does not converge.  Roundoff error is detected
  in the extrapolation table.  It is assumed that the requested tolerance
  cannot be achieved, and that the returned result (if full_output = 1) is 
  the best which can be obtained.
  t_radial, _ = quad(integrand, 0, r_apo, limit=1000000)

/home/kenzhayd/projects/def-vhenault/kenzhayd/cBHBd_IMBH/cbhbd/mergers.py:485: IntegrationWarning: The algorithm does not converge.  Roundoff error is detected
  in the extrapolation table.  It is assumed that the requested tolerance
  cannot be achieved, and that the returned result (if full_output = 1) is 
  the best which can be obtained.
  t_radial, _ = quad(integrand, 0, r_apo, limit=1000000)

/home/kenzhayd/projects/def-vhenault/kenzhayd/cBHBd_IMBH/cbhbd/mergers.py:485: IntegrationWarning: The algorithm does not converge.  Roundoff error is detected
  in the extrapolation table.  It is assumed that the requested tolerance
  cannot be achieved, and that the returned result (if full_output = 1) is 
  the best which can be obtained.
  t_radial, _ = quad(integrand, 0, r_apo, limit=1000000)

/home/kenzhayd/projects/def-vhenault/kenzhayd/cBHBd_IMBH/cbhbd/mergers.py:485: IntegrationWarning: The algorithm does not converge.  Roundoff error is detected
  in the extrapolation table.  It is assumed that the requested tolerance
  cannot be achieved, and that the returned result (if full_output = 1) is 
  the best which can be obtained.
  t_radial, _ = quad(integrand, 0, r_apo, limit=1000000)

/home/kenzhayd/projects/def-vhenault/kenzhayd/cBHBd_IMBH/cbhbd/mergers.py:485: IntegrationWarning: The algorithm does not converge.  Roundoff error is detected
  in the extrapolation table.  It is assumed that the requested tolerance
  cannot be achieved, and that the returned result (if full_output = 1) is 
  the best which can be obtained.
  t_radial, _ = quad(integrand, 0, r_apo, limit=1000000)

/home/kenzhayd/projects/def-vhenault/kenzhayd/cBHBd_IMBH/cbhbd/mergers.py:485: IntegrationWarning: The algorithm does not converge.  Roundoff error is detected
  in the extrapolation table.  It is assumed that the requested tolerance
  cannot be achieved, and that the returned result (if full_output = 1) is 
  the best which can be obtained.
  t_radial, _ = quad(integrand, 0, r_apo, limit=1000000)

/home/kenzhayd/projects/def-vhenault/kenzhayd/cBHBd_IMBH/cbhbd/mergers.py:485: IntegrationWarning: The algorithm does not converge.  Roundoff error is detected
  in the extrapolation table.  It is assumed that the requested tolerance
  cannot be achieved, and that the returned result (if full_output = 1) is 
  the best which can be obtained.
  t_radial, _ = quad(integrand, 0, r_apo, limit=1000000)

/home/kenzhayd/projects/def-vhenault/kenzhayd/cBHBd_IMBH/cbhbd/mergers.py:485: IntegrationWarning: The algorithm does not converge.  Roundoff error is detected
  in the extrapolation table.  It is assumed that the requested tolerance
  cannot be achieved, and that the returned result (if full_output = 1) is 
  the best which can be obtained.
  t_radial, _ = quad(integrand, 0, r_apo, limit=1000000)

/home/kenzhayd/projects/def-vhenault/kenzhayd/cBHBd_IMBH/cbhbd/mergers.py:485: IntegrationWarning: The algorithm does not converge.  Roundoff error is detected
  in the extrapolation table.  It is assumed that the requested tolerance
  cannot be achieved, and that the returned result (if full_output = 1) is 
  the best which can be obtained.
  t_radial, _ = quad(integrand, 0, r_apo, limit=1000000)

/home/kenzhayd/projects/def-vhenault/kenzhayd/cBHBd_IMBH/cbhbd/mergers.py:485: IntegrationWarning: The algorithm does not converge.  Roundoff error is detected
  in the extrapolation table.  It is assumed that the requested tolerance
  cannot be achieved, and that the returned result (if full_output = 1) is 
  the best which can be obtained.
  t_radial, _ = quad(integrand, 0, r_apo, limit=1000000)

/home/kenzhayd/projects/def-vhenault/kenzhayd/cBHBd_IMBH/cbhbd/mergers.py:485: IntegrationWarning: The algorithm does not converge.  Roundoff error is detected
  in the extrapolation table.  It is assumed that the requested tolerance
  cannot be achieved, and that the returned result (if full_output = 1) is 
  the best which can be obtained.
  t_radial, _ = quad(integrand, 0, r_apo, limit=1000000)

/home/kenzhayd/projects/def-vhenault/kenzhayd/cBHBd_IMBH/cbhbd/mergers.py:485: IntegrationWarning: The algorithm does not converge.  Roundoff error is detected
  in the extrapolation table.  It is assumed that the requested tolerance
  cannot be achieved, and that the returned result (if full_output = 1) is 
  the best which can be obtained.
  t_radial, _ = quad(integrand, 0, r_apo, limit=1000000)

/home/kenzhayd/projects/def-vhenault/kenzhayd/cBHBd_IMBH/cbhbd/mergers.py:485: IntegrationWarning: The algorithm does not converge.  Roundoff error is detected
  in the extrapolation table.  It is assumed that the requested tolerance
  cannot be achieved, and that the returned result (if full_output = 1) is 
  the best which can be obtained.
  t_radial, _ = quad(integrand, 0, r_apo, limit=1000000)

/home/kenzhayd/projects/def-vhenault/kenzhayd/cBHBd_IMBH/cbhbd/mergers.py:485: IntegrationWarning: The algorithm does not converge.  Roundoff error is detected
  in the extrapolation table.  It is assumed that the requested tolerance
  cannot be achieved, and that the returned result (if full_output = 1) is 
  the best which can be obtained.
  t_radial, _ = quad(integrand, 0, r_apo, limit=1000000)

/home/kenzhayd/projects/def-vhenault/kenzhayd/cBHBd_IMBH/cbhbd/mergers.py:485: IntegrationWarning: The algorithm does not converge.  Roundoff error is detected
  in the extrapolation table.  It is assumed that the requested tolerance
  cannot be achieved, and that the returned result (if full_output = 1) is 
  the best which can be obtained.
  t_radial, _ = quad(integrand, 0, r_apo, limit=1000000)

/home/kenzhayd/projects/def-vhenault/kenzhayd/cBHBd_IMBH/cbhbd/mergers.py:485: IntegrationWarning: The algorithm does not converge.  Roundoff error is detected
  in the extrapolation table.  It is assumed that the requested tolerance
  cannot be achieved, and that the returned result (if full_output = 1) is 
  the best which can be obtained.
  t_radial, _ = quad(integrand, 0, r_apo, limit=1000000)

/home/kenzhayd/projects/def-vhenault/kenzhayd/cBHBd_IMBH/cbhbd/mergers.py:485: IntegrationWarning: The algorithm does not converge.  Roundoff error is detected
  in the extrapolation table.  It is assumed that the requested tolerance
  cannot be achieved, and that the returned result (if full_output = 1) is 
  the best which can be obtained.
  t_radial, _ = quad(integrand, 0, r_apo, limit=1000000)

/home/kenzhayd/projects/def-vhenault/kenzhayd/cBHBd_IMBH/cbhbd/mergers.py:485: IntegrationWarning: The algorithm does not converge.  Roundoff error is detected
  in the extrapolation table.  It is assumed that the requested tolerance
  cannot be achieved, and that the returned result (if full_output = 1) is 
  the best which can be obtained.
  t_radial, _ = quad(integrand, 0, r_apo, limit=1000000)

/home/kenzhayd/projects/def-vhenault/kenzhayd/cBHBd_IMBH/cbhbd/mergers.py:485: IntegrationWarning: The algorithm does not converge.  Roundoff error is detected
  in the extrapolation table.  It is assumed that the requested tolerance
  cannot be achieved, and that the returned result (if full_output = 1) is 
  the best which can be obtained.
  t_radial, _ = quad(integrand, 0, r_apo, limit=1000000)

/home/kenzhayd/projects/def-vhenault/kenzhayd/cBHBd_IMBH/cbhbd/mergers.py:485: IntegrationWarning: The algorithm does not converge.  Roundoff error is detected
  in the extrapolation table.  It is assumed that the requested tolerance
  cannot be achieved, and that the returned result (if full_output = 1) is 
  the best which can be obtained.
  t_radial, _ = quad(integrand, 0, r_apo, limit=1000000)

/home/kenzhayd/projects/def-vhenault/kenzhayd/cBHBd_IMBH/cbhbd/mergers.py:485: IntegrationWarning: The algorithm does not converge.  Roundoff error is detected
  in the extrapolation table.  It is assumed that the requested tolerance
  cannot be achieved, and that the returned result (if full_output = 1) is 
  the best which can be obtained.
  t_radial, _ = quad(integrand, 0, r_apo, limit=1000000)

/home/kenzhayd/projects/def-vhenault/kenzhayd/cBHBd_IMBH/cbhbd/mergers.py:485: IntegrationWarning: The algorithm does not converge.  Roundoff error is detected
  in the extrapolation table.  It is assumed that the requested tolerance
  cannot be achieved, and that the returned result (if full_output = 1) is 
  the best which can be obtained.
  t_radial, _ = quad(integrand, 0, r_apo, limit=1000000)

/home/kenzhayd/projects/def-vhenault/kenzhayd/cBHBd_IMBH/cbhbd/mergers.py:485: IntegrationWarning: The occurrence of roundoff error is detected, which prevents 
  the requested tolerance from being achieved.  The error may be 
  underestimated.
  t_radial, _ = quad(integrand, 0, r_apo, limit=1000000)

/home/kenzhayd/projects/def-vhenault/kenzhayd/cBHBd_IMBH/cbhbd/mergers.py:485: IntegrationWarning: The algorithm does not converge.  Roundoff error is detected
  in the extrapolation table.  It is assumed that the requested tolerance
  cannot be achieved, and that the returned result (if full_output = 1) is 
  the best which can be obtained.
  t_radial, _ = quad(integrand, 0, r_apo, limit=1000000)

/home/kenzhayd/projects/def-vhenault/kenzhayd/cBHBd_IMBH/cbhbd/mergers.py:485: IntegrationWarning: The algorithm does not converge.  Roundoff error is detected
  in the extrapolation table.  It is assumed that the requested tolerance
  cannot be achieved, and that the returned result (if full_output = 1) is 
  the best which can be obtained.
  t_radial, _ = quad(integrand, 0, r_apo, limit=1000000)

/home/kenzhayd/projects/def-vhenault/kenzhayd/cBHBd_IMBH/cbhbd/mergers.py:485: IntegrationWarning: The algorithm does not converge.  Roundoff error is detected
  in the extrapolation table.  It is assumed that the requested tolerance
  cannot be achieved, and that the returned result (if full_output = 1) is 
  the best which can be obtained.
  t_radial, _ = quad(integrand, 0, r_apo, limit=1000000)

/home/kenzhayd/projects/def-vhenault/kenzhayd/cBHBd_IMBH/cbhbd/mergers.py:485: IntegrationWarning: The algorithm does not converge.  Roundoff error is detected
  in the extrapolation table.  It is assumed that the requested tolerance
  cannot be achieved, and that the returned result (if full_output = 1) is 
  the best which can be obtained.
  t_radial, _ = quad(integrand, 0, r_apo, limit=1000000)

/home/kenzhayd/projects/def-vhenault/kenzhayd/cBHBd_IMBH/cbhbd/mergers.py:485: IntegrationWarning: The algorithm does not converge.  Roundoff error is detected
  in the extrapolation table.  It is assumed that the requested tolerance
  cannot be achieved, and that the returned result (if full_output = 1) is 
  the best which can be obtained.
  t_radial, _ = quad(integrand, 0, r_apo, limit=1000000)

/home/kenzhayd/projects/def-vhenault/kenzhayd/cBHBd_IMBH/cbhbd/mergers.py:485: IntegrationWarning: The algorithm does not converge.  Roundoff error is detected
  in the extrapolation table.  It is assumed that the requested tolerance
  cannot be achieved, and that the returned result (if full_output = 1) is 
  the best which can be obtained.
  t_radial, _ = quad(integrand, 0, r_apo, limit=1000000)

/home/kenzhayd/projects/def-vhenault/kenzhayd/cBHBd_IMBH/cbhbd/mergers.py:485: IntegrationWarning: The algorithm does not converge.  Roundoff error is detected
  in the extrapolation table.  It is assumed that the requested tolerance
  cannot be achieved, and that the returned result (if full_output = 1) is 
  the best which can be obtained.
  t_radial, _ = quad(integrand, 0, r_apo, limit=1000000)

/home/kenzhayd/projects/def-vhenault/kenzhayd/cBHBd_IMBH/cbhbd/mergers.py:485: IntegrationWarning: The algorithm does not converge.  Roundoff error is detected
  in the extrapolation table.  It is assumed that the requested tolerance
  cannot be achieved, and that the returned result (if full_output = 1) is 
  the best which can be obtained.
  t_radial, _ = quad(integrand, 0, r_apo, limit=1000000)

/home/kenzhayd/projects/def-vhenault/kenzhayd/cBHBd_IMBH/cbhbd/mergers.py:485: IntegrationWarning: The algorithm does not converge.  Roundoff error is detected
  in the extrapolation table.  It is assumed that the requested tolerance
  cannot be achieved, and that the returned result (if full_output = 1) is 
  the best which can be obtained.
  t_radial, _ = quad(integrand, 0, r_apo, limit=1000000)

/home/kenzhayd/projects/def-vhenault/kenzhayd/cBHBd_IMBH/cbhbd/mergers.py:485: IntegrationWarning: The algorithm does not converge.  Roundoff error is detected
  in the extrapolation table.  It is assumed that the requested tolerance
  cannot be achieved, and that the returned result (if full_output = 1) is 
  the best which can be obtained.
  t_radial, _ = quad(integrand, 0, r_apo, limit=1000000)

/home/kenzhayd/projects/def-vhenault/kenzhayd/cBHBd_IMBH/cbhbd/mergers.py:485: IntegrationWarning: The algorithm does not converge.  Roundoff error is detected
  in the extrapolation table.  It is assumed that the requested tolerance
  cannot be achieved, and that the returned result (if full_output = 1) is 
  the best which can be obtained.
  t_radial, _ = quad(integrand, 0, r_apo, limit=1000000)

/home/kenzhayd/projects/def-vhenault/kenzhayd/cBHBd_IMBH/cbhbd/mergers.py:485: IntegrationWarning: The algorithm does not converge.  Roundoff error is detected
  in the extrapolation table.  It is assumed that the requested tolerance
  cannot be achieved, and that the returned result (if full_output = 1) is 
  the best which can be obtained.
  t_radial, _ = quad(integrand, 0, r_apo, limit=1000000)

Task 13 (seed 13) done. IMBH: 1194.7 Msun
